// Jest Snapshot v1, https://goo.gl/fbAQLP

exports[`renders correctly 1`] = `
<div>
  <ComponentB />
</div>
`;

exports[`renders correctly other 1`] = `
<div>
  <ComponentB />
</div>
`;
